::ffff:127.0.0.1 - - [09/Nov/2023:02:17:00 +0000] "GET /usuarios HTTP/1.1" 304 - "http://127.0.0.1:5500/" "Mozilla/5.0 (Windows NT 10.0; Win64; x64) AppleWebKit/537.36 (KHTML, like Gecko) Chrome/119.0.0.0 Safari/537.36"
::ffff:127.0.0.1 - - [09/Nov/2023:02:24:18 +0000] "GET /usuarios HTTP/1.1" 304 - "http://127.0.0.1:5500/" "Mozilla/5.0 (Windows NT 10.0; Win64; x64) AppleWebKit/537.36 (KHTML, like Gecko) Chrome/119.0.0.0 Safari/537.36"
::ffff:127.0.0.1 - - [09/Nov/2023:02:25:48 +0000] "GET /usuarios HTTP/1.1" 304 - "http://127.0.0.1:5500/" "Mozilla/5.0 (Windows NT 10.0; Win64; x64) AppleWebKit/537.36 (KHTML, like Gecko) Chrome/119.0.0.0 Safari/537.36"
::ffff:127.0.0.1 - - [09/Nov/2023:02:26:30 +0000] "GET /usuarios HTTP/1.1" 304 - "http://127.0.0.1:5500/" "Mozilla/5.0 (Windows NT 10.0; Win64; x64) AppleWebKit/537.36 (KHTML, like Gecko) Chrome/119.0.0.0 Safari/537.36"
::ffff:127.0.0.1 - - [09/Nov/2023:02:30:37 +0000] "GET /usuarios HTTP/1.1" 304 - "http://127.0.0.1:5500/" "Mozilla/5.0 (Windows NT 10.0; Win64; x64) AppleWebKit/537.36 (KHTML, like Gecko) Chrome/119.0.0.0 Safari/537.36"
::ffff:127.0.0.1 - - [09/Nov/2023:02:31:58 +0000] "GET /usuarios HTTP/1.1" 304 - "http://127.0.0.1:5500/" "Mozilla/5.0 (Windows NT 10.0; Win64; x64) AppleWebKit/537.36 (KHTML, like Gecko) Chrome/119.0.0.0 Safari/537.36"
::ffff:127.0.0.1 - - [09/Nov/2023:02:32:08 +0000] "GET /usuarios HTTP/1.1" 304 - "http://127.0.0.1:5500/" "Mozilla/5.0 (Windows NT 10.0; Win64; x64) AppleWebKit/537.36 (KHTML, like Gecko) Chrome/119.0.0.0 Safari/537.36"
::ffff:127.0.0.1 - - [09/Nov/2023:02:41:05 +0000] "GET /usuarios HTTP/1.1" 304 - "http://127.0.0.1:5500/" "Mozilla/5.0 (Windows NT 10.0; Win64; x64) AppleWebKit/537.36 (KHTML, like Gecko) Chrome/119.0.0.0 Safari/537.36"
::ffff:127.0.0.1 - - [09/Nov/2023:02:49:57 +0000] "GET /usuarios HTTP/1.1" 304 - "http://127.0.0.1:5500/" "Mozilla/5.0 (Windows NT 10.0; Win64; x64) AppleWebKit/537.36 (KHTML, like Gecko) Chrome/119.0.0.0 Safari/537.36"
::ffff:127.0.0.1 - - [09/Nov/2023:02:50:05 +0000] "GET /usuarios HTTP/1.1" 304 - "http://127.0.0.1:5500/" "Mozilla/5.0 (Windows NT 10.0; Win64; x64) AppleWebKit/537.36 (KHTML, like Gecko) Chrome/119.0.0.0 Safari/537.36"
::ffff:127.0.0.1 - - [09/Nov/2023:02:50:32 +0000] "GET /usuarios HTTP/1.1" 304 - "http://127.0.0.1:5500/" "Mozilla/5.0 (Windows NT 10.0; Win64; x64) AppleWebKit/537.36 (KHTML, like Gecko) Chrome/119.0.0.0 Safari/537.36"
::ffff:127.0.0.1 - - [09/Nov/2023:02:57:53 +0000] "GET /usuarios HTTP/1.1" 304 - "http://127.0.0.1:5500/" "Mozilla/5.0 (Windows NT 10.0; Win64; x64) AppleWebKit/537.36 (KHTML, like Gecko) Chrome/119.0.0.0 Safari/537.36"
::1 - - [09/Nov/2023:04:14:17 +0000] "GET /api-docs HTTP/1.1" 301 183 "-" "Mozilla/5.0 (Windows NT 10.0; Win64; x64) AppleWebKit/537.36 (KHTML, like Gecko) Chrome/119.0.0.0 Safari/537.36"
::1 - - [09/Nov/2023:04:14:17 +0000] "GET /api-docs/ HTTP/1.1" 200 3106 "-" "Mozilla/5.0 (Windows NT 10.0; Win64; x64) AppleWebKit/537.36 (KHTML, like Gecko) Chrome/119.0.0.0 Safari/537.36"
::1 - - [09/Nov/2023:04:14:17 +0000] "GET /api-docs/swagger-ui-init.js HTTP/1.1" 200 2150 "http://localhost:8080/api-docs/" "Mozilla/5.0 (Windows NT 10.0; Win64; x64) AppleWebKit/537.36 (KHTML, like Gecko) Chrome/119.0.0.0 Safari/537.36"
::1 - - [09/Nov/2023:04:14:17 +0000] "GET /api-docs/swagger-ui.css HTTP/1.1" 200 151035 "http://localhost:8080/api-docs/" "Mozilla/5.0 (Windows NT 10.0; Win64; x64) AppleWebKit/537.36 (KHTML, like Gecko) Chrome/119.0.0.0 Safari/537.36"
::1 - - [09/Nov/2023:04:14:17 +0000] "GET /api-docs/swagger-ui-standalone-preset.js HTTP/1.1" 200 230640 "http://localhost:8080/api-docs/" "Mozilla/5.0 (Windows NT 10.0; Win64; x64) AppleWebKit/537.36 (KHTML, like Gecko) Chrome/119.0.0.0 Safari/537.36"
::1 - - [09/Nov/2023:04:14:17 +0000] "GET /api-docs/swagger-ui-bundle.js HTTP/1.1" 200 1400017 "http://localhost:8080/api-docs/" "Mozilla/5.0 (Windows NT 10.0; Win64; x64) AppleWebKit/537.36 (KHTML, like Gecko) Chrome/119.0.0.0 Safari/537.36"
::1 - - [09/Nov/2023:04:14:18 +0000] "GET /api-docs/favicon-32x32.png HTTP/1.1" 200 628 "http://localhost:8080/api-docs/" "Mozilla/5.0 (Windows NT 10.0; Win64; x64) AppleWebKit/537.36 (KHTML, like Gecko) Chrome/119.0.0.0 Safari/537.36"
::ffff:127.0.0.1 - - [09/Nov/2023:04:15:59 +0000] "GET /usuarios HTTP/1.1" 304 - "http://127.0.0.1:5500/" "Mozilla/5.0 (Windows NT 10.0; Win64; x64) AppleWebKit/537.36 (KHTML, like Gecko) Chrome/119.0.0.0 Safari/537.36"
::1 - - [09/Nov/2023:04:17:07 +0000] "POST /usuarios HTTP/1.1" 200 49 "http://localhost:8080/api-docs/" "Mozilla/5.0 (Windows NT 10.0; Win64; x64) AppleWebKit/537.36 (KHTML, like Gecko) Chrome/119.0.0.0 Safari/537.36"
::ffff:127.0.0.1 - - [09/Nov/2023:04:18:27 +0000] "GET /usuarios HTTP/1.1" 200 1339 "-" "Thunder Client (https://www.thunderclient.com)"
::1 - - [09/Nov/2023:04:18:45 +0000] "GET /usuarios HTTP/1.1" 200 1339 "http://localhost:8080/api-docs/" "Mozilla/5.0 (Windows NT 10.0; Win64; x64) AppleWebKit/537.36 (KHTML, like Gecko) Chrome/119.0.0.0 Safari/537.36"
::1 - - [09/Nov/2023:04:21:11 +0000] "POST /usuarios HTTP/1.1" 200 49 "http://localhost:8080/api-docs/" "Mozilla/5.0 (Windows NT 10.0; Win64; x64) AppleWebKit/537.36 (KHTML, like Gecko) Chrome/119.0.0.0 Safari/537.36"
::ffff:127.0.0.1 - - [09/Nov/2023:04:21:25 +0000] "GET /usuarios HTTP/1.1" 200 1388 "-" "Thunder Client (https://www.thunderclient.com)"
::ffff:127.0.0.1 - - [09/Nov/2023:04:21:32 +0000] "POST /usuarios HTTP/1.1" 200 49 "-" "Thunder Client (https://www.thunderclient.com)"
::ffff:127.0.0.1 - - [09/Nov/2023:04:21:46 +0000] "GET /usuarios HTTP/1.1" 200 1437 "http://127.0.0.1:5500/" "Mozilla/5.0 (Windows NT 10.0; Win64; x64) AppleWebKit/537.36 (KHTML, like Gecko) Chrome/119.0.0.0 Safari/537.36"
::ffff:127.0.0.1 - - [09/Nov/2023:04:24:19 +0000] "GET /usuarios HTTP/1.1" 304 - "http://127.0.0.1:5500/" "Mozilla/5.0 (Windows NT 10.0; Win64; x64) AppleWebKit/537.36 (KHTML, like Gecko) Chrome/119.0.0.0 Safari/537.36"
::1 - - [09/Nov/2023:04:24:26 +0000] "GET /api-docs/ HTTP/1.1" 304 - "-" "Mozilla/5.0 (Windows NT 10.0; Win64; x64) AppleWebKit/537.36 (KHTML, like Gecko) Chrome/119.0.0.0 Safari/537.36"
::1 - - [09/Nov/2023:04:24:26 +0000] "GET /api-docs/swagger-ui.css HTTP/1.1" 304 - "http://localhost:8080/api-docs/" "Mozilla/5.0 (Windows NT 10.0; Win64; x64) AppleWebKit/537.36 (KHTML, like Gecko) Chrome/119.0.0.0 Safari/537.36"
::1 - - [09/Nov/2023:04:24:26 +0000] "GET /api-docs/swagger-ui-bundle.js HTTP/1.1" 304 - "http://localhost:8080/api-docs/" "Mozilla/5.0 (Windows NT 10.0; Win64; x64) AppleWebKit/537.36 (KHTML, like Gecko) Chrome/119.0.0.0 Safari/537.36"
::1 - - [09/Nov/2023:04:24:26 +0000] "GET /api-docs/swagger-ui-init.js HTTP/1.1" 304 - "http://localhost:8080/api-docs/" "Mozilla/5.0 (Windows NT 10.0; Win64; x64) AppleWebKit/537.36 (KHTML, like Gecko) Chrome/119.0.0.0 Safari/537.36"
::1 - - [09/Nov/2023:04:24:26 +0000] "GET /api-docs/swagger-ui-standalone-preset.js HTTP/1.1" 304 - "http://localhost:8080/api-docs/" "Mozilla/5.0 (Windows NT 10.0; Win64; x64) AppleWebKit/537.36 (KHTML, like Gecko) Chrome/119.0.0.0 Safari/537.36"
::1 - - [09/Nov/2023:04:24:26 +0000] "GET /api-docs/favicon-32x32.png HTTP/1.1" 304 - "http://localhost:8080/api-docs/" "Mozilla/5.0 (Windows NT 10.0; Win64; x64) AppleWebKit/537.36 (KHTML, like Gecko) Chrome/119.0.0.0 Safari/537.36"
::ffff:127.0.0.1 - - [09/Nov/2023:04:24:28 +0000] "GET /usuarios HTTP/1.1" 304 - "http://127.0.0.1:5500/" "Mozilla/5.0 (Windows NT 10.0; Win64; x64) AppleWebKit/537.36 (KHTML, like Gecko) Chrome/119.0.0.0 Safari/537.36"
::ffff:127.0.0.1 - - [09/Nov/2023:04:26:58 +0000] "GET /usuarios HTTP/1.1" 200 1437 "-" "Thunder Client (https://www.thunderclient.com)"
::1 - - [09/Nov/2023:04:27:03 +0000] "GET /api-docs/ HTTP/1.1" 304 - "-" "Mozilla/5.0 (Windows NT 10.0; Win64; x64) AppleWebKit/537.36 (KHTML, like Gecko) Chrome/119.0.0.0 Safari/537.36"
::1 - - [09/Nov/2023:04:27:03 +0000] "GET /api-docs/swagger-ui.css HTTP/1.1" 304 - "http://localhost:8080/api-docs/" "Mozilla/5.0 (Windows NT 10.0; Win64; x64) AppleWebKit/537.36 (KHTML, like Gecko) Chrome/119.0.0.0 Safari/537.36"
::1 - - [09/Nov/2023:04:27:03 +0000] "GET /api-docs/swagger-ui-bundle.js HTTP/1.1" 304 - "http://localhost:8080/api-docs/" "Mozilla/5.0 (Windows NT 10.0; Win64; x64) AppleWebKit/537.36 (KHTML, like Gecko) Chrome/119.0.0.0 Safari/537.36"
::1 - - [09/Nov/2023:04:27:03 +0000] "GET /api-docs/swagger-ui-init.js HTTP/1.1" 304 - "http://localhost:8080/api-docs/" "Mozilla/5.0 (Windows NT 10.0; Win64; x64) AppleWebKit/537.36 (KHTML, like Gecko) Chrome/119.0.0.0 Safari/537.36"
::1 - - [09/Nov/2023:04:27:03 +0000] "GET /api-docs/swagger-ui-standalone-preset.js HTTP/1.1" 304 - "http://localhost:8080/api-docs/" "Mozilla/5.0 (Windows NT 10.0; Win64; x64) AppleWebKit/537.36 (KHTML, like Gecko) Chrome/119.0.0.0 Safari/537.36"
::1 - - [09/Nov/2023:04:27:03 +0000] "GET /api-docs/favicon-32x32.png HTTP/1.1" 304 - "http://localhost:8080/api-docs/" "Mozilla/5.0 (Windows NT 10.0; Win64; x64) AppleWebKit/537.36 (KHTML, like Gecko) Chrome/119.0.0.0 Safari/537.36"
::ffff:127.0.0.1 - - [09/Nov/2023:04:27:06 +0000] "GET /usuarios HTTP/1.1" 304 - "http://127.0.0.1:5500/" "Mozilla/5.0 (Windows NT 10.0; Win64; x64) AppleWebKit/537.36 (KHTML, like Gecko) Chrome/119.0.0.0 Safari/537.36"
::1 - - [09/Nov/2023:04:27:13 +0000] "POST /usuarios HTTP/1.1" 200 49 "http://localhost:8080/api-docs/" "Mozilla/5.0 (Windows NT 10.0; Win64; x64) AppleWebKit/537.36 (KHTML, like Gecko) Chrome/119.0.0.0 Safari/537.36"
::ffff:127.0.0.1 - - [09/Nov/2023:04:27:23 +0000] "GET /usuarios HTTP/1.1" 200 1290 "http://127.0.0.1:5500/" "Mozilla/5.0 (Windows NT 10.0; Win64; x64) AppleWebKit/537.36 (KHTML, like Gecko) Chrome/119.0.0.0 Safari/537.36"
::ffff:127.0.0.1 - - [09/Nov/2023:04:27:34 +0000] "GET /usuarios HTTP/1.1" 200 1290 "-" "Thunder Client (https://www.thunderclient.com)"
::ffff:127.0.0.1 - - [09/Nov/2023:04:27:50 +0000] "POST /usuarios HTTP/1.1" 200 49 "-" "Thunder Client (https://www.thunderclient.com)"
::1 - - [09/Nov/2023:04:27:59 +0000] "POST /usuarios HTTP/1.1" 200 49 "http://localhost:8080/api-docs/" "Mozilla/5.0 (Windows NT 10.0; Win64; x64) AppleWebKit/537.36 (KHTML, like Gecko) Chrome/119.0.0.0 Safari/537.36"
::ffff:127.0.0.1 - - [09/Nov/2023:04:28:09 +0000] "GET /usuarios HTTP/1.1" 200 1388 "http://127.0.0.1:5500/" "Mozilla/5.0 (Windows NT 10.0; Win64; x64) AppleWebKit/537.36 (KHTML, like Gecko) Chrome/119.0.0.0 Safari/537.36"
::1 - - [09/Nov/2023:04:28:18 +0000] "POST /usuarios HTTP/1.1" 200 49 "http://localhost:8080/api-docs/" "Mozilla/5.0 (Windows NT 10.0; Win64; x64) AppleWebKit/537.36 (KHTML, like Gecko) Chrome/119.0.0.0 Safari/537.36"
::ffff:127.0.0.1 - - [09/Nov/2023:04:28:23 +0000] "GET /usuarios HTTP/1.1" 200 1437 "http://127.0.0.1:5500/" "Mozilla/5.0 (Windows NT 10.0; Win64; x64) AppleWebKit/537.36 (KHTML, like Gecko) Chrome/119.0.0.0 Safari/537.36"
::ffff:127.0.0.1 - - [09/Nov/2023:04:29:04 +0000] "POST /usuarios HTTP/1.1" 200 49 "-" "Thunder Client (https://www.thunderclient.com)"
::1 - - [09/Nov/2023:04:31:43 +0000] "GET /api-docs/ HTTP/1.1" 304 - "-" "Mozilla/5.0 (Windows NT 10.0; Win64; x64) AppleWebKit/537.36 (KHTML, like Gecko) Chrome/119.0.0.0 Safari/537.36"
::1 - - [09/Nov/2023:04:31:44 +0000] "GET /api-docs/swagger-ui.css HTTP/1.1" 304 - "http://localhost:8080/api-docs/" "Mozilla/5.0 (Windows NT 10.0; Win64; x64) AppleWebKit/537.36 (KHTML, like Gecko) Chrome/119.0.0.0 Safari/537.36"
::1 - - [09/Nov/2023:04:31:44 +0000] "GET /api-docs/swagger-ui-init.js HTTP/1.1" 304 - "http://localhost:8080/api-docs/" "Mozilla/5.0 (Windows NT 10.0; Win64; x64) AppleWebKit/537.36 (KHTML, like Gecko) Chrome/119.0.0.0 Safari/537.36"
::1 - - [09/Nov/2023:04:31:44 +0000] "GET /api-docs/swagger-ui-bundle.js HTTP/1.1" 304 - "http://localhost:8080/api-docs/" "Mozilla/5.0 (Windows NT 10.0; Win64; x64) AppleWebKit/537.36 (KHTML, like Gecko) Chrome/119.0.0.0 Safari/537.36"
::1 - - [09/Nov/2023:04:31:44 +0000] "GET /api-docs/swagger-ui-standalone-preset.js HTTP/1.1" 304 - "http://localhost:8080/api-docs/" "Mozilla/5.0 (Windows NT 10.0; Win64; x64) AppleWebKit/537.36 (KHTML, like Gecko) Chrome/119.0.0.0 Safari/537.36"
::ffff:127.0.0.1 - - [09/Nov/2023:04:31:44 +0000] "GET /usuarios HTTP/1.1" 200 1339 "http://127.0.0.1:5500/" "Mozilla/5.0 (Windows NT 10.0; Win64; x64) AppleWebKit/537.36 (KHTML, like Gecko) Chrome/119.0.0.0 Safari/537.36"
::1 - - [09/Nov/2023:04:31:44 +0000] "GET /api-docs/favicon-32x32.png HTTP/1.1" 304 - "http://localhost:8080/api-docs/" "Mozilla/5.0 (Windows NT 10.0; Win64; x64) AppleWebKit/537.36 (KHTML, like Gecko) Chrome/119.0.0.0 Safari/537.36"
::ffff:127.0.0.1 - - [09/Nov/2023:04:31:59 +0000] "POST /usuarios HTTP/1.1" 200 49 "-" "Thunder Client (https://www.thunderclient.com)"
::1 - - [09/Nov/2023:04:32:07 +0000] "POST /usuarios HTTP/1.1" 200 49 "http://localhost:8080/api-docs/" "Mozilla/5.0 (Windows NT 10.0; Win64; x64) AppleWebKit/537.36 (KHTML, like Gecko) Chrome/119.0.0.0 Safari/537.36"
::ffff:127.0.0.1 - - [09/Nov/2023:04:32:12 +0000] "GET /usuarios HTTP/1.1" 200 1437 "http://127.0.0.1:5500/" "Mozilla/5.0 (Windows NT 10.0; Win64; x64) AppleWebKit/537.36 (KHTML, like Gecko) Chrome/119.0.0.0 Safari/537.36"
::ffff:127.0.0.1 - - [09/Nov/2023:04:35:37 +0000] "GET /usuarios HTTP/1.1" 200 1290 "http://127.0.0.1:5500/" "Mozilla/5.0 (Windows NT 10.0; Win64; x64) AppleWebKit/537.36 (KHTML, like Gecko) Chrome/119.0.0.0 Safari/537.36"
::1 - - [09/Nov/2023:04:35:46 +0000] "GET /api-docs/ HTTP/1.1" 304 - "-" "Mozilla/5.0 (Windows NT 10.0; Win64; x64) AppleWebKit/537.36 (KHTML, like Gecko) Chrome/119.0.0.0 Safari/537.36"
::1 - - [09/Nov/2023:04:35:46 +0000] "GET /api-docs/swagger-ui.css HTTP/1.1" 304 - "http://localhost:8080/api-docs/" "Mozilla/5.0 (Windows NT 10.0; Win64; x64) AppleWebKit/537.36 (KHTML, like Gecko) Chrome/119.0.0.0 Safari/537.36"
::1 - - [09/Nov/2023:04:35:46 +0000] "GET /api-docs/swagger-ui-bundle.js HTTP/1.1" 304 - "http://localhost:8080/api-docs/" "Mozilla/5.0 (Windows NT 10.0; Win64; x64) AppleWebKit/537.36 (KHTML, like Gecko) Chrome/119.0.0.0 Safari/537.36"
::1 - - [09/Nov/2023:04:35:46 +0000] "GET /api-docs/swagger-ui-init.js HTTP/1.1" 304 - "http://localhost:8080/api-docs/" "Mozilla/5.0 (Windows NT 10.0; Win64; x64) AppleWebKit/537.36 (KHTML, like Gecko) Chrome/119.0.0.0 Safari/537.36"
::1 - - [09/Nov/2023:04:35:46 +0000] "GET /api-docs/swagger-ui-standalone-preset.js HTTP/1.1" 304 - "http://localhost:8080/api-docs/" "Mozilla/5.0 (Windows NT 10.0; Win64; x64) AppleWebKit/537.36 (KHTML, like Gecko) Chrome/119.0.0.0 Safari/537.36"
::1 - - [09/Nov/2023:04:35:46 +0000] "GET /api-docs/favicon-32x32.png HTTP/1.1" 304 - "http://localhost:8080/api-docs/" "Mozilla/5.0 (Windows NT 10.0; Win64; x64) AppleWebKit/537.36 (KHTML, like Gecko) Chrome/119.0.0.0 Safari/537.36"
::ffff:127.0.0.1 - - [09/Nov/2023:04:35:49 +0000] "GET /usuarios HTTP/1.1" 304 - "http://127.0.0.1:5500/" "Mozilla/5.0 (Windows NT 10.0; Win64; x64) AppleWebKit/537.36 (KHTML, like Gecko) Chrome/119.0.0.0 Safari/537.36"
::ffff:127.0.0.1 - - [09/Nov/2023:04:35:52 +0000] "POST /usuarios HTTP/1.1" 200 49 "-" "Thunder Client (https://www.thunderclient.com)"
::ffff:127.0.0.1 - - [09/Nov/2023:04:36:00 +0000] "GET /usuarios HTTP/1.1" 200 1339 "http://127.0.0.1:5500/" "Mozilla/5.0 (Windows NT 10.0; Win64; x64) AppleWebKit/537.36 (KHTML, like Gecko) Chrome/119.0.0.0 Safari/537.36"
::ffff:127.0.0.1 - - [09/Nov/2023:04:36:56 +0000] "GET /usuarios HTTP/1.1" 304 - "http://127.0.0.1:5500/" "Mozilla/5.0 (Windows NT 10.0; Win64; x64) AppleWebKit/537.36 (KHTML, like Gecko) Chrome/119.0.0.0 Safari/537.36"
::ffff:127.0.0.1 - - [09/Nov/2023:04:37:10 +0000] "POST /usuarios HTTP/1.1" 200 49 "-" "Thunder Client (https://www.thunderclient.com)"
::ffff:127.0.0.1 - - [09/Nov/2023:04:37:16 +0000] "POST /usuarios HTTP/1.1" 200 49 "-" "Thunder Client (https://www.thunderclient.com)"
::ffff:127.0.0.1 - - [09/Nov/2023:04:37:22 +0000] "GET /usuarios HTTP/1.1" 200 1437 "http://127.0.0.1:5500/" "Mozilla/5.0 (Windows NT 10.0; Win64; x64) AppleWebKit/537.36 (KHTML, like Gecko) Chrome/119.0.0.0 Safari/537.36"
::ffff:127.0.0.1 - - [09/Nov/2023:04:37:43 +0000] "POST /usuarios?nombre=oso&edad=90&juegoFavorito=r7 HTTP/1.1" 200 49 "-" "Thunder Client (https://www.thunderclient.com)"
::ffff:127.0.0.1 - - [09/Nov/2023:04:37:49 +0000] "GET /usuarios HTTP/1.1" 200 1485 "http://127.0.0.1:5500/" "Mozilla/5.0 (Windows NT 10.0; Win64; x64) AppleWebKit/537.36 (KHTML, like Gecko) Chrome/119.0.0.0 Safari/537.36"
::ffff:127.0.0.1 - - [09/Nov/2023:04:38:39 +0000] "GET /usuarios?nombre=oso&edad=90&juegoFavorito=r7 HTTP/1.1" 200 1338 "-" "Thunder Client (https://www.thunderclient.com)"
::ffff:127.0.0.1 - - [09/Nov/2023:04:38:43 +0000] "GET /usuarios?nombre=oso&edad=90&juegoFavorito=r7 HTTP/1.1" 200 1338 "-" "Thunder Client (https://www.thunderclient.com)"
::ffff:127.0.0.1 - - [09/Nov/2023:04:39:21 +0000] "GET /usuarios?nombre=oso&edad=90&juegoFavorito=r7 HTTP/1.1" 200 1290 "-" "Thunder Client (https://www.thunderclient.com)"
::ffff:127.0.0.1 - - [09/Nov/2023:04:39:33 +0000] "GET /usuarios HTTP/1.1" 200 53 "-" "Thunder Client (https://www.thunderclient.com)"
::ffff:127.0.0.1 - - [09/Nov/2023:04:39:56 +0000] "POST /usuarios?nombre=oso&edad=90&juegoFavorito=r7 HTTP/1.1" 200 49 "-" "Thunder Client (https://www.thunderclient.com)"
::1 - - [09/Nov/2023:04:39:57 +0000] "GET /api-docs/ HTTP/1.1" 304 - "-" "Mozilla/5.0 (Windows NT 10.0; Win64; x64) AppleWebKit/537.36 (KHTML, like Gecko) Chrome/119.0.0.0 Safari/537.36"
::1 - - [09/Nov/2023:04:39:57 +0000] "GET /api-docs/swagger-ui.css HTTP/1.1" 304 - "http://localhost:8080/api-docs/" "Mozilla/5.0 (Windows NT 10.0; Win64; x64) AppleWebKit/537.36 (KHTML, like Gecko) Chrome/119.0.0.0 Safari/537.36"
::1 - - [09/Nov/2023:04:39:57 +0000] "GET /api-docs/swagger-ui-bundle.js HTTP/1.1" 304 - "http://localhost:8080/api-docs/" "Mozilla/5.0 (Windows NT 10.0; Win64; x64) AppleWebKit/537.36 (KHTML, like Gecko) Chrome/119.0.0.0 Safari/537.36"
::1 - - [09/Nov/2023:04:39:57 +0000] "GET /api-docs/swagger-ui-init.js HTTP/1.1" 304 - "http://localhost:8080/api-docs/" "Mozilla/5.0 (Windows NT 10.0; Win64; x64) AppleWebKit/537.36 (KHTML, like Gecko) Chrome/119.0.0.0 Safari/537.36"
::1 - - [09/Nov/2023:04:39:57 +0000] "GET /api-docs/swagger-ui-standalone-preset.js HTTP/1.1" 304 - "http://localhost:8080/api-docs/" "Mozilla/5.0 (Windows NT 10.0; Win64; x64) AppleWebKit/537.36 (KHTML, like Gecko) Chrome/119.0.0.0 Safari/537.36"
::1 - - [09/Nov/2023:04:39:58 +0000] "GET /api-docs/favicon-32x32.png HTTP/1.1" 304 - "http://localhost:8080/api-docs/" "Mozilla/5.0 (Windows NT 10.0; Win64; x64) AppleWebKit/537.36 (KHTML, like Gecko) Chrome/119.0.0.0 Safari/537.36"
::1 - - [09/Nov/2023:04:40:02 +0000] "POST /usuarios HTTP/1.1" 200 49 "http://localhost:8080/api-docs/" "Mozilla/5.0 (Windows NT 10.0; Win64; x64) AppleWebKit/537.36 (KHTML, like Gecko) Chrome/119.0.0.0 Safari/537.36"
::ffff:127.0.0.1 - - [09/Nov/2023:04:42:39 +0000] "GET /usuarios HTTP/1.1" 200 150 "http://127.0.0.1:5500/" "Mozilla/5.0 (Windows NT 10.0; Win64; x64) AppleWebKit/537.36 (KHTML, like Gecko) Chrome/119.0.0.0 Safari/537.36"
::1 - - [09/Nov/2023:04:42:48 +0000] "GET /api-docs/ HTTP/1.1" 304 - "-" "Mozilla/5.0 (Windows NT 10.0; Win64; x64) AppleWebKit/537.36 (KHTML, like Gecko) Chrome/119.0.0.0 Safari/537.36"
::1 - - [09/Nov/2023:04:42:48 +0000] "GET /api-docs/swagger-ui.css HTTP/1.1" 304 - "http://localhost:8080/api-docs/" "Mozilla/5.0 (Windows NT 10.0; Win64; x64) AppleWebKit/537.36 (KHTML, like Gecko) Chrome/119.0.0.0 Safari/537.36"
::1 - - [09/Nov/2023:04:42:48 +0000] "GET /api-docs/swagger-ui-init.js HTTP/1.1" 200 3080 "http://localhost:8080/api-docs/" "Mozilla/5.0 (Windows NT 10.0; Win64; x64) AppleWebKit/537.36 (KHTML, like Gecko) Chrome/119.0.0.0 Safari/537.36"
::1 - - [09/Nov/2023:04:42:48 +0000] "GET /api-docs/swagger-ui-bundle.js HTTP/1.1" 304 - "http://localhost:8080/api-docs/" "Mozilla/5.0 (Windows NT 10.0; Win64; x64) AppleWebKit/537.36 (KHTML, like Gecko) Chrome/119.0.0.0 Safari/537.36"
::1 - - [09/Nov/2023:04:42:48 +0000] "GET /api-docs/swagger-ui-standalone-preset.js HTTP/1.1" 304 - "http://localhost:8080/api-docs/" "Mozilla/5.0 (Windows NT 10.0; Win64; x64) AppleWebKit/537.36 (KHTML, like Gecko) Chrome/119.0.0.0 Safari/537.36"
::1 - - [09/Nov/2023:04:42:49 +0000] "GET /api-docs/favicon-32x32.png HTTP/1.1" 304 - "http://localhost:8080/api-docs/" "Mozilla/5.0 (Windows NT 10.0; Win64; x64) AppleWebKit/537.36 (KHTML, like Gecko) Chrome/119.0.0.0 Safari/537.36"
::1 - - [09/Nov/2023:04:43:04 +0000] "POST /usuarios?nombre=juana&edad=42&juegoFavorito=r7 HTTP/1.1" 200 49 "http://localhost:8080/api-docs/" "Mozilla/5.0 (Windows NT 10.0; Win64; x64) AppleWebKit/537.36 (KHTML, like Gecko) Chrome/119.0.0.0 Safari/537.36"
::1 - - [09/Nov/2023:04:43:13 +0000] "GET /usuarios HTTP/1.1" 200 200 "http://localhost:8080/api-docs/" "Mozilla/5.0 (Windows NT 10.0; Win64; x64) AppleWebKit/537.36 (KHTML, like Gecko) Chrome/119.0.0.0 Safari/537.36"
::ffff:127.0.0.1 - - [09/Nov/2023:04:43:34 +0000] "GET /usuarios?nombre=oso&edad=90&juegoFavorito=r7 HTTP/1.1" 200 200 "-" "Thunder Client (https://www.thunderclient.com)"
::1 - - [09/Nov/2023:04:44:36 +0000] "GET /usuarios HTTP/1.1" 200 103 "http://localhost:8080/api-docs/" "Mozilla/5.0 (Windows NT 10.0; Win64; x64) AppleWebKit/537.36 (KHTML, like Gecko) Chrome/119.0.0.0 Safari/537.36"
::1 - - [09/Nov/2023:04:45:07 +0000] "GET /usuarios HTTP/1.1" 304 - "http://localhost:8080/api-docs/" "Mozilla/5.0 (Windows NT 10.0; Win64; x64) AppleWebKit/537.36 (KHTML, like Gecko) Chrome/119.0.0.0 Safari/537.36"
::ffff:127.0.0.1 - - [09/Nov/2023:04:46:16 +0000] "GET /usuarios HTTP/1.1" 200 103 "http://127.0.0.1:5500/" "Mozilla/5.0 (Windows NT 10.0; Win64; x64) AppleWebKit/537.36 (KHTML, like Gecko) Chrome/119.0.0.0 Safari/537.36"
::ffff:127.0.0.1 - - [09/Nov/2023:04:52:58 +0000] "GET /usuarios HTTP/1.1" 304 - "http://127.0.0.1:5500/" "Mozilla/5.0 (Windows NT 10.0; Win64; x64) AppleWebKit/537.36 (KHTML, like Gecko) Chrome/119.0.0.0 Safari/537.36"
::ffff:127.0.0.1 - - [09/Nov/2023:04:53:02 +0000] "GET /usuarios HTTP/1.1" 304 - "http://127.0.0.1:5500/" "Mozilla/5.0 (Windows NT 10.0; Win64; x64) AppleWebKit/537.36 (KHTML, like Gecko) Chrome/119.0.0.0 Safari/537.36"
::ffff:127.0.0.1 - - [09/Nov/2023:04:55:10 +0000] "GET /usuarios HTTP/1.1" 200 157 "http://127.0.0.1:5500/" "Mozilla/5.0 (Windows NT 10.0; Win64; x64) AppleWebKit/537.36 (KHTML, like Gecko) Chrome/119.0.0.0 Safari/537.36"
::ffff:127.0.0.1 - - [09/Nov/2023:04:55:40 +0000] "POST /usuarios?nombre=oso&edad=90&juegoFavorito=r7 HTTP/1.1" 500 32 "-" "Thunder Client (https://www.thunderclient.com)"
::ffff:127.0.0.1 - - [09/Nov/2023:04:56:11 +0000] "POST /usuarios?nombre=oso&edad=15&juegoFavorito=r7 HTTP/1.1" 500 32 "-" "Thunder Client (https://www.thunderclient.com)"
::ffff:127.0.0.1 - - [09/Nov/2023:04:56:27 +0000] "POST /usuarios?nombre=torombolo&edad=15&juegoFavorito=r7 HTTP/1.1" 200 49 "-" "Thunder Client (https://www.thunderclient.com)"
::ffff:127.0.0.1 - - [09/Nov/2023:04:56:40 +0000] "POST /usuarios HTTP/1.1" 200 49 "-" "Thunder Client (https://www.thunderclient.com)"
::ffff:127.0.0.1 - - [09/Nov/2023:04:56:55 +0000] "POST /usuarios?nombre=sara&edad=15&juegoFavorito=r7 HTTP/1.1" 200 49 "-" "Thunder Client (https://www.thunderclient.com)"
::ffff:127.0.0.1 - - [09/Nov/2023:04:57:03 +0000] "GET /usuarios HTTP/1.1" 200 309 "http://127.0.0.1:5500/" "Mozilla/5.0 (Windows NT 10.0; Win64; x64) AppleWebKit/537.36 (KHTML, like Gecko) Chrome/119.0.0.0 Safari/537.36"
::1 - - [09/Nov/2023:04:57:23 +0000] "GET /usuarios HTTP/1.1" 200 309 "http://localhost:8080/api-docs/" "Mozilla/5.0 (Windows NT 10.0; Win64; x64) AppleWebKit/537.36 (KHTML, like Gecko) Chrome/119.0.0.0 Safari/537.36"
::1 - - [09/Nov/2023:04:57:27 +0000] "GET /usuarios HTTP/1.1" 304 - "http://localhost:8080/api-docs/" "Mozilla/5.0 (Windows NT 10.0; Win64; x64) AppleWebKit/537.36 (KHTML, like Gecko) Chrome/119.0.0.0 Safari/537.36"
::ffff:127.0.0.1 - - [09/Nov/2023:04:58:11 +0000] "GET /usuarios HTTP/1.1" 304 - "http://127.0.0.1:5500/" "Mozilla/5.0 (Windows NT 10.0; Win64; x64) AppleWebKit/537.36 (KHTML, like Gecko) Chrome/119.0.0.0 Safari/537.36"
::ffff:127.0.0.1 - - [09/Nov/2023:14:30:19 +0000] "GET /usuarios HTTP/1.1" - - "http://127.0.0.1:5500/" "Mozilla/5.0 (Windows NT 10.0; Win64; x64) AppleWebKit/537.36 (KHTML, like Gecko) Chrome/119.0.0.0 Safari/537.36"
::ffff:127.0.0.1 - - [09/Nov/2023:14:30:23 +0000] "GET /usuarios HTTP/1.1" 200 364 "http://127.0.0.1:5500/" "Mozilla/5.0 (Windows NT 10.0; Win64; x64) AppleWebKit/537.36 (KHTML, like Gecko) Chrome/119.0.0.0 Safari/537.36"
::1 - - [09/Nov/2023:14:30:26 +0000] "GET /api-docs/ HTTP/1.1" 304 - "-" "Mozilla/5.0 (Windows NT 10.0; Win64; x64) AppleWebKit/537.36 (KHTML, like Gecko) Chrome/119.0.0.0 Safari/537.36"
::1 - - [09/Nov/2023:14:30:26 +0000] "GET /api-docs/swagger-ui-init.js HTTP/1.1" 200 3079 "http://localhost:8080/api-docs/" "Mozilla/5.0 (Windows NT 10.0; Win64; x64) AppleWebKit/537.36 (KHTML, like Gecko) Chrome/119.0.0.0 Safari/537.36"
::1 - - [09/Nov/2023:14:30:26 +0000] "GET /api-docs/swagger-ui-standalone-preset.js HTTP/1.1" 304 - "http://localhost:8080/api-docs/" "Mozilla/5.0 (Windows NT 10.0; Win64; x64) AppleWebKit/537.36 (KHTML, like Gecko) Chrome/119.0.0.0 Safari/537.36"
::1 - - [09/Nov/2023:14:30:26 +0000] "GET /api-docs/swagger-ui-bundle.js HTTP/1.1" 304 - "http://localhost:8080/api-docs/" "Mozilla/5.0 (Windows NT 10.0; Win64; x64) AppleWebKit/537.36 (KHTML, like Gecko) Chrome/119.0.0.0 Safari/537.36"
::1 - - [09/Nov/2023:14:30:26 +0000] "GET /api-docs/swagger-ui.css HTTP/1.1" 304 - "http://localhost:8080/api-docs/" "Mozilla/5.0 (Windows NT 10.0; Win64; x64) AppleWebKit/537.36 (KHTML, like Gecko) Chrome/119.0.0.0 Safari/537.36"
::1 - - [09/Nov/2023:14:30:27 +0000] "GET /api-docs/favicon-32x32.png HTTP/1.1" 304 - "http://localhost:8080/api-docs/" "Mozilla/5.0 (Windows NT 10.0; Win64; x64) AppleWebKit/537.36 (KHTML, like Gecko) Chrome/119.0.0.0 Safari/537.36"
::1 - - [09/Nov/2023:14:31:10 +0000] "GET /usuarios HTTP/1.1" 200 364 "http://localhost:8080/api-docs/" "Mozilla/5.0 (Windows NT 10.0; Win64; x64) AppleWebKit/537.36 (KHTML, like Gecko) Chrome/119.0.0.0 Safari/537.36"
::1 - - [09/Nov/2023:14:38:15 +0000] "POST /usuarios?nombre=bb&edad=90&juegoFavorito=Mine HTTP/1.1" 200 49 "http://localhost:8080/api-docs/" "Mozilla/5.0 (Windows NT 10.0; Win64; x64) AppleWebKit/537.36 (KHTML, like Gecko) Chrome/119.0.0.0 Safari/537.36"
::ffff:127.0.0.1 - - [09/Nov/2023:14:38:40 +0000] "GET /usuarios HTTP/1.1" 200 413 "http://127.0.0.1:5500/" "Mozilla/5.0 (Windows NT 10.0; Win64; x64) AppleWebKit/537.36 (KHTML, like Gecko) Chrome/119.0.0.0 Safari/537.36"
::1 - - [09/Nov/2023:14:38:45 +0000] "GET /usuarios HTTP/1.1" 500 32 "http://localhost:8080/api-docs/" "Mozilla/5.0 (Windows NT 10.0; Win64; x64) AppleWebKit/537.36 (KHTML, like Gecko) Chrome/119.0.0.0 Safari/537.36"
::1 - - [09/Nov/2023:14:39:02 +0000] "GET /usuarios HTTP/1.1" 200 413 "http://localhost:8080/api-docs/" "Mozilla/5.0 (Windows NT 10.0; Win64; x64) AppleWebKit/537.36 (KHTML, like Gecko) Chrome/119.0.0.0 Safari/537.36"
::1 - - [15/Nov/2023:05:42:57 +0000] "GET / HTTP/1.1" 404 139 "-" "Mozilla/5.0 (Windows NT 10.0; Win64; x64) AppleWebKit/537.36 (KHTML, like Gecko) Chrome/119.0.0.0 Safari/537.36"
::1 - - [15/Nov/2023:05:44:49 +0000] "GET /api-docs HTTP/1.1" 301 183 "-" "Mozilla/5.0 (Windows NT 10.0; Win64; x64) AppleWebKit/537.36 (KHTML, like Gecko) Chrome/119.0.0.0 Safari/537.36"
::1 - - [15/Nov/2023:05:44:49 +0000] "GET /api-docs/ HTTP/1.1" 200 3106 "-" "Mozilla/5.0 (Windows NT 10.0; Win64; x64) AppleWebKit/537.36 (KHTML, like Gecko) Chrome/119.0.0.0 Safari/537.36"
::1 - - [15/Nov/2023:05:44:49 +0000] "GET /api-docs/swagger-ui-init.js HTTP/1.1" 200 3079 "http://localhost:8080/api-docs/" "Mozilla/5.0 (Windows NT 10.0; Win64; x64) AppleWebKit/537.36 (KHTML, like Gecko) Chrome/119.0.0.0 Safari/537.36"
::1 - - [15/Nov/2023:05:44:49 +0000] "GET /api-docs/swagger-ui.css HTTP/1.1" 200 151035 "http://localhost:8080/api-docs/" "Mozilla/5.0 (Windows NT 10.0; Win64; x64) AppleWebKit/537.36 (KHTML, like Gecko) Chrome/119.0.0.0 Safari/537.36"
::1 - - [15/Nov/2023:05:44:49 +0000] "GET /api-docs/swagger-ui-standalone-preset.js HTTP/1.1" 200 230640 "http://localhost:8080/api-docs/" "Mozilla/5.0 (Windows NT 10.0; Win64; x64) AppleWebKit/537.36 (KHTML, like Gecko) Chrome/119.0.0.0 Safari/537.36"
::1 - - [15/Nov/2023:05:44:50 +0000] "GET /api-docs/swagger-ui-bundle.js HTTP/1.1" 200 1400017 "http://localhost:8080/api-docs/" "Mozilla/5.0 (Windows NT 10.0; Win64; x64) AppleWebKit/537.36 (KHTML, like Gecko) Chrome/119.0.0.0 Safari/537.36"
::1 - - [15/Nov/2023:05:55:21 +0000] "GET /api-docs/swagger-definition HTTP/1.1" 200 3106 "-" "Mozilla/5.0 (Windows NT 10.0; Win64; x64) AppleWebKit/537.36 (KHTML, like Gecko) Chrome/119.0.0.0 Safari/537.36"
::1 - - [15/Nov/2023:05:55:21 +0000] "GET /api-docs/swagger-ui.css HTTP/1.1" 304 - "http://localhost:8080/api-docs/swagger-definition" "Mozilla/5.0 (Windows NT 10.0; Win64; x64) AppleWebKit/537.36 (KHTML, like Gecko) Chrome/119.0.0.0 Safari/537.36"
::1 - - [15/Nov/2023:05:55:21 +0000] "GET /api-docs/swagger-ui-bundle.js HTTP/1.1" 304 - "http://localhost:8080/api-docs/swagger-definition" "Mozilla/5.0 (Windows NT 10.0; Win64; x64) AppleWebKit/537.36 (KHTML, like Gecko) Chrome/119.0.0.0 Safari/537.36"
::1 - - [15/Nov/2023:05:55:21 +0000] "GET /api-docs/swagger-ui-init.js HTTP/1.1" 304 - "http://localhost:8080/api-docs/swagger-definition" "Mozilla/5.0 (Windows NT 10.0; Win64; x64) AppleWebKit/537.36 (KHTML, like Gecko) Chrome/119.0.0.0 Safari/537.36"
::1 - - [15/Nov/2023:05:55:21 +0000] "GET /api-docs/swagger-ui-standalone-preset.js HTTP/1.1" 304 - "http://localhost:8080/api-docs/swagger-definition" "Mozilla/5.0 (Windows NT 10.0; Win64; x64) AppleWebKit/537.36 (KHTML, like Gecko) Chrome/119.0.0.0 Safari/537.36"
::ffff:127.0.0.1 - - [15/Nov/2023:06:10:53 +0000] "GET /api-docs/swagger-definition%23/ HTTP/1.1" 200 3106 "-" "Thunder Client (https://www.thunderclient.com)"
::ffff:127.0.0.1 - - [15/Nov/2023:06:11:10 +0000] "GET /api-docs/swagger-definition HTTP/1.1" 200 3106 "-" "Thunder Client (https://www.thunderclient.com)"
::ffff:127.0.0.1 - - [15/Nov/2023:06:12:10 +0000] "GET /api-docs/definition HTTP/1.1" 200 3106 "-" "Thunder Client (https://www.thunderclient.com)"
::ffff:127.0.0.1 - - [15/Nov/2023:06:12:12 +0000] "GET /api-docs/definition HTTP/1.1" 200 3106 "-" "Thunder Client (https://www.thunderclient.com)"
::ffff:127.0.0.1 - - [15/Nov/2023:06:12:12 +0000] "GET /api-docs/definition HTTP/1.1" 200 3106 "-" "Thunder Client (https://www.thunderclient.com)"
::ffff:127.0.0.1 - - [15/Nov/2023:06:12:12 +0000] "GET /api-docs/definition HTTP/1.1" 200 3106 "-" "Thunder Client (https://www.thunderclient.com)"
::ffff:127.0.0.1 - - [15/Nov/2023:06:12:12 +0000] "GET /api-docs/definition HTTP/1.1" 200 3106 "-" "Thunder Client (https://www.thunderclient.com)"
::ffff:127.0.0.1 - - [15/Nov/2023:06:12:12 +0000] "GET /api-docs/definition HTTP/1.1" 200 3106 "-" "Thunder Client (https://www.thunderclient.com)"
::ffff:127.0.0.1 - - [15/Nov/2023:06:12:42 +0000] "GET /api-definition HTTP/1.1" 404 153 "-" "Thunder Client (https://www.thunderclient.com)"
::ffff:127.0.0.1 - - [15/Nov/2023:06:13:24 +0000] "GET /swagger-definition HTTP/1.1" 404 157 "-" "Thunder Client (https://www.thunderclient.com)"
::ffff:127.0.0.1 - - [15/Nov/2023:06:13:24 +0000] "GET /swagger-definition HTTP/1.1" 404 157 "-" "Thunder Client (https://www.thunderclient.com)"
::ffff:127.0.0.1 - - [15/Nov/2023:06:13:25 +0000] "GET /swagger-definition HTTP/1.1" 404 157 "-" "Thunder Client (https://www.thunderclient.com)"
::ffff:127.0.0.1 - - [15/Nov/2023:06:13:41 +0000] "GET /api-docs/swagger-definition HTTP/1.1" 200 3106 "-" "Thunder Client (https://www.thunderclient.com)"
::ffff:127.0.0.1 - - [15/Nov/2023:06:13:43 +0000] "GET /api-docs/swagger-definition HTTP/1.1" 200 3106 "-" "Thunder Client (https://www.thunderclient.com)"
::ffff:127.0.0.1 - - [15/Nov/2023:06:14:21 +0000] "GET /api-docs/swagger-definition HTTP/1.1" 200 3106 "-" "Thunder Client (https://www.thunderclient.com)"
::ffff:127.0.0.1 - - [15/Nov/2023:06:14:22 +0000] "GET /api-docs/swagger-definition HTTP/1.1" 200 3106 "-" "Thunder Client (https://www.thunderclient.com)"
::ffff:127.0.0.1 - - [15/Nov/2023:06:14:23 +0000] "GET /api-docs/swagger-definition HTTP/1.1" 200 3106 "-" "Thunder Client (https://www.thunderclient.com)"
::ffff:127.0.0.1 - - [15/Nov/2023:06:16:43 +0000] "GET /api-docs/swagger-definition HTTP/1.1" 200 3625 "-" "Thunder Client (https://www.thunderclient.com)"
::ffff:127.0.0.1 - - [15/Nov/2023:06:16:44 +0000] "GET /api-docs/swagger-definition HTTP/1.1" 200 3625 "-" "Thunder Client (https://www.thunderclient.com)"
::ffff:127.0.0.1 - - [15/Nov/2023:06:16:44 +0000] "GET /api-docs/swagger-definition HTTP/1.1" 200 3625 "-" "Thunder Client (https://www.thunderclient.com)"
::ffff:127.0.0.1 - - [15/Nov/2023:06:16:44 +0000] "GET /api-docs/swagger-definition HTTP/1.1" 200 3625 "-" "Thunder Client (https://www.thunderclient.com)"
::ffff:127.0.0.1 - - [15/Nov/2023:06:16:45 +0000] "GET /api-docs/swagger-definition HTTP/1.1" 200 3625 "-" "Thunder Client (https://www.thunderclient.com)"
::ffff:127.0.0.1 - - [15/Nov/2023:06:16:45 +0000] "GET /api-docs/swagger-definition HTTP/1.1" 200 3625 "-" "Thunder Client (https://www.thunderclient.com)"
::ffff:127.0.0.1 - - [15/Nov/2023:06:16:45 +0000] "GET /api-docs/swagger-definition HTTP/1.1" 200 3625 "-" "Thunder Client (https://www.thunderclient.com)"
::ffff:127.0.0.1 - - [15/Nov/2023:06:16:46 +0000] "GET /api-docs/swagger-definition HTTP/1.1" 200 3625 "-" "Thunder Client (https://www.thunderclient.com)"
::ffff:127.0.0.1 - - [15/Nov/2023:06:16:46 +0000] "GET /api-docs/swagger-definition HTTP/1.1" 200 3625 "-" "Thunder Client (https://www.thunderclient.com)"
::ffff:127.0.0.1 - - [15/Nov/2023:06:16:47 +0000] "GET /api-docs/swagger-definition HTTP/1.1" 200 3625 "-" "Thunder Client (https://www.thunderclient.com)"
::ffff:127.0.0.1 - - [15/Nov/2023:06:16:47 +0000] "GET /api-docs/swagger-definition HTTP/1.1" 200 3625 "-" "Thunder Client (https://www.thunderclient.com)"
::ffff:127.0.0.1 - - [15/Nov/2023:06:16:47 +0000] "GET /api-docs/swagger-definition HTTP/1.1" 200 3625 "-" "Thunder Client (https://www.thunderclient.com)"
::ffff:127.0.0.1 - - [15/Nov/2023:06:16:47 +0000] "GET /api-docs/swagger-definition HTTP/1.1" 200 3625 "-" "Thunder Client (https://www.thunderclient.com)"
::ffff:127.0.0.1 - - [15/Nov/2023:06:16:47 +0000] "GET /api-docs/swagger-definition HTTP/1.1" 200 3625 "-" "Thunder Client (https://www.thunderclient.com)"
::ffff:127.0.0.1 - - [15/Nov/2023:06:16:48 +0000] "GET /api-docs/swagger-definition HTTP/1.1" 200 3625 "-" "Thunder Client (https://www.thunderclient.com)"
::ffff:127.0.0.1 - - [15/Nov/2023:06:16:48 +0000] "GET /api-docs/swagger-definition HTTP/1.1" 200 3625 "-" "Thunder Client (https://www.thunderclient.com)"
::ffff:127.0.0.1 - - [15/Nov/2023:06:16:49 +0000] "GET /api-docs/swagger-definition HTTP/1.1" 200 3625 "-" "Thunder Client (https://www.thunderclient.com)"
::ffff:127.0.0.1 - - [15/Nov/2023:06:16:49 +0000] "GET /api-docs/swagger-definition HTTP/1.1" 200 3625 "-" "Thunder Client (https://www.thunderclient.com)"
::ffff:127.0.0.1 - - [15/Nov/2023:06:17:16 +0000] "GET /api-docs/swagger-definition HTTP/1.1" 200 3625 "-" "Thunder Client (https://www.thunderclient.com)"
::ffff:127.0.0.1 - - [15/Nov/2023:06:17:17 +0000] "GET /api-docs/swagger-definition HTTP/1.1" 200 3625 "-" "Thunder Client (https://www.thunderclient.com)"
::ffff:127.0.0.1 - - [15/Nov/2023:06:17:18 +0000] "GET /api-docs/swagger-definition HTTP/1.1" 200 3625 "-" "Thunder Client (https://www.thunderclient.com)"
::ffff:127.0.0.1 - - [15/Nov/2023:06:17:18 +0000] "GET /api-docs/swagger-definition HTTP/1.1" 200 3625 "-" "Thunder Client (https://www.thunderclient.com)"
::ffff:127.0.0.1 - - [15/Nov/2023:06:17:18 +0000] "GET /api-docs/swagger-definition HTTP/1.1" 200 3625 "-" "Thunder Client (https://www.thunderclient.com)"
::ffff:127.0.0.1 - - [15/Nov/2023:06:18:05 +0000] "GET /api-definition HTTP/1.1" 404 153 "-" "Thunder Client (https://www.thunderclient.com)"
::ffff:127.0.0.1 - - [15/Nov/2023:06:23:06 +0000] "GET /api-docs/swagger-definition HTTP/1.1" 200 3625 "-" "Thunder Client (https://www.thunderclient.com)"
::ffff:127.0.0.1 - - [15/Nov/2023:06:23:08 +0000] "GET /api-docs/swagger-definition HTTP/1.1" 200 3625 "-" "Thunder Client (https://www.thunderclient.com)"
::ffff:127.0.0.1 - - [15/Nov/2023:06:23:08 +0000] "GET /api-docs/swagger-definition HTTP/1.1" 200 3625 "-" "Thunder Client (https://www.thunderclient.com)"
::ffff:127.0.0.1 - - [15/Nov/2023:06:24:21 +0000] "GET /api-docs/swagger-definition HTTP/1.1" 200 3625 "-" "Thunder Client (https://www.thunderclient.com)"
::ffff:127.0.0.1 - - [15/Nov/2023:06:24:21 +0000] "GET /api-docs/swagger-definition HTTP/1.1" 200 3625 "-" "Thunder Client (https://www.thunderclient.com)"
::ffff:127.0.0.1 - - [15/Nov/2023:06:24:22 +0000] "GET /api-docs/swagger-definition HTTP/1.1" 200 3625 "-" "Thunder Client (https://www.thunderclient.com)"
::ffff:127.0.0.1 - - [15/Nov/2023:06:24:23 +0000] "GET /api-docs/swagger-definition HTTP/1.1" 200 3625 "-" "Thunder Client (https://www.thunderclient.com)"
::ffff:127.0.0.1 - - [15/Nov/2023:06:24:23 +0000] "GET /api-docs/swagger-definition HTTP/1.1" 200 3625 "-" "Thunder Client (https://www.thunderclient.com)"
::ffff:127.0.0.1 - - [15/Nov/2023:06:24:23 +0000] "GET /api-docs/swagger-definition HTTP/1.1" 200 3625 "-" "Thunder Client (https://www.thunderclient.com)"
::ffff:127.0.0.1 - - [15/Nov/2023:06:24:24 +0000] "GET /api-docs/swagger-definition HTTP/1.1" 200 3625 "-" "Thunder Client (https://www.thunderclient.com)"
::ffff:127.0.0.1 - - [15/Nov/2023:06:24:24 +0000] "GET /api-docs/swagger-definition HTTP/1.1" 200 3625 "-" "Thunder Client (https://www.thunderclient.com)"
::ffff:127.0.0.1 - - [15/Nov/2023:06:24:24 +0000] "GET /api-docs/swagger-definition HTTP/1.1" 200 3625 "-" "Thunder Client (https://www.thunderclient.com)"
::ffff:127.0.0.1 - - [15/Nov/2023:06:24:24 +0000] "GET /api-docs/swagger-definition HTTP/1.1" 200 3625 "-" "Thunder Client (https://www.thunderclient.com)"
::ffff:127.0.0.1 - - [15/Nov/2023:06:24:25 +0000] "GET /api-docs/swagger-definition HTTP/1.1" 200 3625 "-" "Thunder Client (https://www.thunderclient.com)"
::ffff:127.0.0.1 - - [15/Nov/2023:06:24:25 +0000] "GET /api-docs/swagger-definition HTTP/1.1" 200 3625 "-" "Thunder Client (https://www.thunderclient.com)"
::ffff:127.0.0.1 - - [15/Nov/2023:06:24:25 +0000] "GET /api-docs/swagger-definition HTTP/1.1" 200 3625 "-" "Thunder Client (https://www.thunderclient.com)"
::ffff:127.0.0.1 - - [15/Nov/2023:06:24:25 +0000] "GET /api-docs/swagger-definition HTTP/1.1" 200 3625 "-" "Thunder Client (https://www.thunderclient.com)"
::ffff:127.0.0.1 - - [15/Nov/2023:06:25:03 +0000] "GET /api-docs/swagger-definition HTTP/1.1" 200 3625 "-" "Thunder Client (https://www.thunderclient.com)"
::ffff:127.0.0.1 - - [15/Nov/2023:06:25:20 +0000] "GET /api-docs/swagger-definition HTTP/1.1" 200 3625 "-" "Thunder Client (https://www.thunderclient.com)"
::ffff:127.0.0.1 - - [15/Nov/2023:06:25:20 +0000] "GET /api-docs/swagger-definition HTTP/1.1" 200 3625 "-" "Thunder Client (https://www.thunderclient.com)"
::ffff:127.0.0.1 - - [15/Nov/2023:06:25:21 +0000] "GET /api-docs/swagger-definition HTTP/1.1" 200 3625 "-" "Thunder Client (https://www.thunderclient.com)"
::ffff:127.0.0.1 - - [15/Nov/2023:06:25:21 +0000] "GET /api-docs/swagger-definition HTTP/1.1" 200 3625 "-" "Thunder Client (https://www.thunderclient.com)"
::ffff:127.0.0.1 - - [15/Nov/2023:06:25:21 +0000] "GET /api-docs/swagger-definition HTTP/1.1" 200 3625 "-" "Thunder Client (https://www.thunderclient.com)"
::ffff:127.0.0.1 - - [15/Nov/2023:06:27:27 +0000] "GET /api-docs/swagger-definition HTTP/1.1" 200 3625 "-" "Thunder Client (https://www.thunderclient.com)"
::ffff:127.0.0.1 - - [15/Nov/2023:06:27:35 +0000] "GET /api-docs/swagger-definition HTTP/1.1" 200 3625 "-" "Thunder Client (https://www.thunderclient.com)"
::1 - - [15/Nov/2023:06:29:01 +0000] "GET /api-docs/ HTTP/1.1" 200 3625 "-" "Mozilla/5.0 (Windows NT 10.0; Win64; x64) AppleWebKit/537.36 (KHTML, like Gecko) Chrome/119.0.0.0 Safari/537.36"
::1 - - [15/Nov/2023:06:29:01 +0000] "GET /api-docs/swagger-ui-init.js HTTP/1.1" 200 3079 "http://localhost:3000/api-docs/" "Mozilla/5.0 (Windows NT 10.0; Win64; x64) AppleWebKit/537.36 (KHTML, like Gecko) Chrome/119.0.0.0 Safari/537.36"
::1 - - [15/Nov/2023:06:29:01 +0000] "GET /api-docs/swagger-ui.css HTTP/1.1" 200 151035 "http://localhost:3000/api-docs/" "Mozilla/5.0 (Windows NT 10.0; Win64; x64) AppleWebKit/537.36 (KHTML, like Gecko) Chrome/119.0.0.0 Safari/537.36"
::1 - - [15/Nov/2023:06:29:01 +0000] "GET /api-docs/swagger-ui-standalone-preset.js HTTP/1.1" 200 230640 "http://localhost:3000/api-docs/" "Mozilla/5.0 (Windows NT 10.0; Win64; x64) AppleWebKit/537.36 (KHTML, like Gecko) Chrome/119.0.0.0 Safari/537.36"
::1 - - [15/Nov/2023:06:29:01 +0000] "GET /api-docs/swagger-ui-bundle.js HTTP/1.1" 200 1400017 "http://localhost:3000/api-docs/" "Mozilla/5.0 (Windows NT 10.0; Win64; x64) AppleWebKit/537.36 (KHTML, like Gecko) Chrome/119.0.0.0 Safari/537.36"
::1 - - [15/Nov/2023:06:29:01 +0000] "GET /api-docs/favicon-32x32.png HTTP/1.1" 200 628 "http://localhost:3000/api-docs/" "Mozilla/5.0 (Windows NT 10.0; Win64; x64) AppleWebKit/537.36 (KHTML, like Gecko) Chrome/119.0.0.0 Safari/537.36"
::ffff:127.0.0.1 - - [15/Nov/2023:06:38:02 +0000] "GET /api-docs/swagger-definition HTTP/1.1" 200 3625 "-" "Thunder Client (https://www.thunderclient.com)"
::ffff:127.0.0.1 - - [15/Nov/2023:06:38:03 +0000] "GET /api-docs/swagger-definition HTTP/1.1" 200 3625 "-" "Thunder Client (https://www.thunderclient.com)"
::ffff:127.0.0.1 - - [15/Nov/2023:06:38:03 +0000] "GET /api-docs/swagger-definition HTTP/1.1" 200 3625 "-" "Thunder Client (https://www.thunderclient.com)"
::ffff:127.0.0.1 - - [15/Nov/2023:06:38:49 +0000] "GET /api-docs/swagger-definition HTTP/1.1" 200 3106 "-" "Thunder Client (https://www.thunderclient.com)"
::ffff:127.0.0.1 - - [15/Nov/2023:06:42:27 +0000] "GET /api-docs/swagger-definition HTTP/1.1" 200 3106 "-" "Thunder Client (https://www.thunderclient.com)"
::ffff:127.0.0.1 - - [15/Nov/2023:06:46:35 +0000] "GET /api-docs/swagger-definition HTTP/1.1" 200 3106 "-" "Thunder Client (https://www.thunderclient.com)"
::ffff:127.0.0.1 - - [15/Nov/2023:06:47:03 +0000] "GET /api-definition HTTP/1.1" 200 850 "-" "Thunder Client (https://www.thunderclient.com)"
::ffff:127.0.0.1 - - [15/Nov/2023:07:18:18 +0000] "GET /usuarios HTTP/1.1" 200 413 "http://127.0.0.1:5500/" "Mozilla/5.0 (Windows NT 10.0; Win64; x64) AppleWebKit/537.36 (KHTML, like Gecko) Chrome/119.0.0.0 Safari/537.36"
::ffff:127.0.0.1 - - [15/Nov/2023:07:18:59 +0000] "GET /usuarios HTTP/1.1" 304 - "http://127.0.0.1:5500/" "Mozilla/5.0 (Windows NT 10.0; Win64; x64) AppleWebKit/537.36 (KHTML, like Gecko) Chrome/119.0.0.0 Safari/537.36"
::ffff:127.0.0.1 - - [15/Nov/2023:07:21:37 +0000] "GET /usuarios HTTP/1.1" 304 - "http://127.0.0.1:5500/" "Mozilla/5.0 (Windows NT 10.0; Win64; x64) AppleWebKit/537.36 (KHTML, like Gecko) Chrome/119.0.0.0 Safari/537.36"
::1 - - [15/Nov/2023:07:22:36 +0000] "GET /api-docs/ HTTP/1.1" 304 - "-" "Mozilla/5.0 (Windows NT 10.0; Win64; x64) AppleWebKit/537.36 (KHTML, like Gecko) Chrome/119.0.0.0 Safari/537.36"
::1 - - [15/Nov/2023:07:22:36 +0000] "GET /api-docs/swagger-ui.css HTTP/1.1" 304 - "http://localhost:8080/api-docs/" "Mozilla/5.0 (Windows NT 10.0; Win64; x64) AppleWebKit/537.36 (KHTML, like Gecko) Chrome/119.0.0.0 Safari/537.36"
::1 - - [15/Nov/2023:07:22:36 +0000] "GET /api-docs/swagger-ui-init.js HTTP/1.1" 304 - "http://localhost:8080/api-docs/" "Mozilla/5.0 (Windows NT 10.0; Win64; x64) AppleWebKit/537.36 (KHTML, like Gecko) Chrome/119.0.0.0 Safari/537.36"
::1 - - [15/Nov/2023:07:22:37 +0000] "GET /api-docs/swagger-ui-standalone-preset.js HTTP/1.1" 304 - "http://localhost:8080/api-docs/" "Mozilla/5.0 (Windows NT 10.0; Win64; x64) AppleWebKit/537.36 (KHTML, like Gecko) Chrome/119.0.0.0 Safari/537.36"
::1 - - [15/Nov/2023:07:22:37 +0000] "GET /api-docs/swagger-ui-bundle.js HTTP/1.1" 304 - "http://localhost:8080/api-docs/" "Mozilla/5.0 (Windows NT 10.0; Win64; x64) AppleWebKit/537.36 (KHTML, like Gecko) Chrome/119.0.0.0 Safari/537.36"
::1 - - [15/Nov/2023:07:22:46 +0000] "GET /api-docs/readme HTTP/1.1" 200 3106 "-" "Mozilla/5.0 (Windows NT 10.0; Win64; x64) AppleWebKit/537.36 (KHTML, like Gecko) Chrome/119.0.0.0 Safari/537.36"
::1 - - [15/Nov/2023:07:22:46 +0000] "GET /api-docs/swagger-ui.css HTTP/1.1" 304 - "http://localhost:8080/api-docs/readme" "Mozilla/5.0 (Windows NT 10.0; Win64; x64) AppleWebKit/537.36 (KHTML, like Gecko) Chrome/119.0.0.0 Safari/537.36"
::1 - - [15/Nov/2023:07:22:46 +0000] "GET /api-docs/swagger-ui-init.js HTTP/1.1" 304 - "http://localhost:8080/api-docs/readme" "Mozilla/5.0 (Windows NT 10.0; Win64; x64) AppleWebKit/537.36 (KHTML, like Gecko) Chrome/119.0.0.0 Safari/537.36"
::1 - - [15/Nov/2023:07:22:46 +0000] "GET /api-docs/swagger-ui-bundle.js HTTP/1.1" 304 - "http://localhost:8080/api-docs/readme" "Mozilla/5.0 (Windows NT 10.0; Win64; x64) AppleWebKit/537.36 (KHTML, like Gecko) Chrome/119.0.0.0 Safari/537.36"
::1 - - [15/Nov/2023:07:22:46 +0000] "GET /api-docs/swagger-ui-standalone-preset.js HTTP/1.1" 304 - "http://localhost:8080/api-docs/readme" "Mozilla/5.0 (Windows NT 10.0; Win64; x64) AppleWebKit/537.36 (KHTML, like Gecko) Chrome/119.0.0.0 Safari/537.36"
::1 - - [15/Nov/2023:07:22:51 +0000] "GET /api-docs/readme HTTP/1.1" 304 - "-" "Mozilla/5.0 (Windows NT 10.0; Win64; x64) AppleWebKit/537.36 (KHTML, like Gecko) Chrome/119.0.0.0 Safari/537.36"
::1 - - [15/Nov/2023:07:22:51 +0000] "GET /api-docs/swagger-ui.css HTTP/1.1" 304 - "http://localhost:8080/api-docs/readme" "Mozilla/5.0 (Windows NT 10.0; Win64; x64) AppleWebKit/537.36 (KHTML, like Gecko) Chrome/119.0.0.0 Safari/537.36"
::1 - - [15/Nov/2023:07:22:51 +0000] "GET /api-docs/swagger-ui-bundle.js HTTP/1.1" 304 - "http://localhost:8080/api-docs/readme" "Mozilla/5.0 (Windows NT 10.0; Win64; x64) AppleWebKit/537.36 (KHTML, like Gecko) Chrome/119.0.0.0 Safari/537.36"
::1 - - [15/Nov/2023:07:22:51 +0000] "GET /api-docs/swagger-ui-standalone-preset.js HTTP/1.1" 304 - "http://localhost:8080/api-docs/readme" "Mozilla/5.0 (Windows NT 10.0; Win64; x64) AppleWebKit/537.36 (KHTML, like Gecko) Chrome/119.0.0.0 Safari/537.36"
::1 - - [15/Nov/2023:07:22:51 +0000] "GET /api-docs/swagger-ui-init.js HTTP/1.1" 304 - "http://localhost:8080/api-docs/readme" "Mozilla/5.0 (Windows NT 10.0; Win64; x64) AppleWebKit/537.36 (KHTML, like Gecko) Chrome/119.0.0.0 Safari/537.36"
::1 - - [15/Nov/2023:07:22:52 +0000] "GET /api-docs/favicon-32x32.png HTTP/1.1" 200 628 "http://localhost:8080/api-docs/readme" "Mozilla/5.0 (Windows NT 10.0; Win64; x64) AppleWebKit/537.36 (KHTML, like Gecko) Chrome/119.0.0.0 Safari/537.36"
::ffff:127.0.0.1 - - [15/Nov/2023:07:23:04 +0000] "GET /api-docs/readme HTTP/1.1" 200 3106 "-" "Thunder Client (https://www.thunderclient.com)"
::ffff:127.0.0.1 - - [15/Nov/2023:07:23:05 +0000] "GET /api-docs/readme HTTP/1.1" 200 3106 "-" "Thunder Client (https://www.thunderclient.com)"
::ffff:127.0.0.1 - - [15/Nov/2023:07:23:05 +0000] "GET /api-docs/readme HTTP/1.1" 200 3106 "-" "Thunder Client (https://www.thunderclient.com)"
::ffff:127.0.0.1 - - [15/Nov/2023:07:23:13 +0000] "GET /api-docs/readme HTTP/1.1" 200 3106 "-" "Thunder Client (https://www.thunderclient.com)"
::ffff:127.0.0.1 - - [15/Nov/2023:07:23:14 +0000] "GET /api-docs/readme HTTP/1.1" 200 3106 "-" "Thunder Client (https://www.thunderclient.com)"
::ffff:127.0.0.1 - - [15/Nov/2023:07:23:14 +0000] "GET /api-docs/readme HTTP/1.1" 200 3106 "-" "Thunder Client (https://www.thunderclient.com)"
::ffff:127.0.0.1 - - [15/Nov/2023:07:23:14 +0000] "GET /api-docs/readme HTTP/1.1" 200 3106 "-" "Thunder Client (https://www.thunderclient.com)"
::ffff:127.0.0.1 - - [15/Nov/2023:07:23:14 +0000] "GET /api-docs/readme HTTP/1.1" 200 3106 "-" "Thunder Client (https://www.thunderclient.com)"
::ffff:127.0.0.1 - - [15/Nov/2023:07:23:14 +0000] "GET /api-docs/readme HTTP/1.1" 200 3106 "-" "Thunder Client (https://www.thunderclient.com)"
::ffff:127.0.0.1 - - [15/Nov/2023:07:23:15 +0000] "GET /api-docs/readme HTTP/1.1" 200 3106 "-" "Thunder Client (https://www.thunderclient.com)"
::ffff:127.0.0.1 - - [15/Nov/2023:07:23:24 +0000] "GET /api-docs/readme HTTP/1.1" 200 3106 "-" "Thunder Client (https://www.thunderclient.com)"
::ffff:127.0.0.1 - - [15/Nov/2023:07:23:25 +0000] "GET /api-docs/readme HTTP/1.1" 200 3106 "-" "Thunder Client (https://www.thunderclient.com)"
::ffff:127.0.0.1 - - [15/Nov/2023:07:23:25 +0000] "GET /api-docs/readme HTTP/1.1" 200 3106 "-" "Thunder Client (https://www.thunderclient.com)"
::ffff:127.0.0.1 - - [15/Nov/2023:07:23:25 +0000] "GET /api-docs/readme HTTP/1.1" 200 3106 "-" "Thunder Client (https://www.thunderclient.com)"
::ffff:127.0.0.1 - - [15/Nov/2023:07:23:26 +0000] "GET /api-docs/readme HTTP/1.1" 200 3106 "-" "Thunder Client (https://www.thunderclient.com)"
::ffff:127.0.0.1 - - [15/Nov/2023:07:23:26 +0000] "GET /api-docs/readme HTTP/1.1" 200 3106 "-" "Thunder Client (https://www.thunderclient.com)"
::ffff:127.0.0.1 - - [15/Nov/2023:07:23:26 +0000] "GET /api-docs/readme HTTP/1.1" 200 3106 "-" "Thunder Client (https://www.thunderclient.com)"
::ffff:127.0.0.1 - - [15/Nov/2023:07:23:26 +0000] "GET /api-docs/readme HTTP/1.1" 200 3106 "-" "Thunder Client (https://www.thunderclient.com)"
::ffff:127.0.0.1 - - [15/Nov/2023:07:23:26 +0000] "GET /api-docs/readme HTTP/1.1" 200 3106 "-" "Thunder Client (https://www.thunderclient.com)"
::ffff:127.0.0.1 - - [15/Nov/2023:07:23:27 +0000] "GET /api-docs/readme HTTP/1.1" 200 3106 "-" "Thunder Client (https://www.thunderclient.com)"
::ffff:127.0.0.1 - - [15/Nov/2023:07:23:50 +0000] "GET /api-docs/readme.md HTTP/1.1" 200 860 "-" "Thunder Client (https://www.thunderclient.com)"
